[backblue.gif]
[fade.gif]
[index.html]
[jt.miniyun.cn/m3/apps/www.miniyun.cn31/img/logoX16.png]
[jt.miniyun.cn/bootstrap/css/bootstrap.min.css]
[jt.miniyun.cn/font-awesome/css/font-awesome.min.css]
[jt.miniyun.cn/m3/apps/www.miniyun.cn31/alamben/animate.min.css]
[jt.miniyun.cn/m3/apps/www.miniyun.cn31/alamben/flexslider.css]
[jt.miniyun.cn/m3/apps/www.miniyun.cn31/alamben/style.css]
[jt.miniyun.cn/m3/apps/www.miniyun.cn31/alamben/poppins.css]
[jt.miniyun.cn/m3/apps/www.miniyun.cn31/alamben/open-sans.css]
[jt.miniyun.cn/m3/apps/www.miniyun.cn31/alamben/lato.css]
[jt.miniyun.cn/m3/apps/www.miniyun.cn31/img/top-logo.png]
[jt.miniyun.cn/m3/apps/www.miniyun.cn31/img/download-app.jpg]
[jt.miniyun.cn/m3/apps/www.miniyun.cn31/img/app-qr.png]
[jt.miniyun.cn/m3/images/qrcode-weixin.jpg]
[jt.miniyun.cn/m3/apps/www.miniyun.cn31/js/jquery.js]
[jt.miniyun.cn/m3/apps/www.miniyun.cn31/js/jquery.particleground.js]
[jt.miniyun.cn/m3/apps/www.miniyun.cn31/js/particle.js]
[jt.miniyun.cn/m3/apps/www.miniyun.cn31/js/owl-carousel-settings.js]
[jt.miniyun.cn/m3/apps/www.miniyun.cn31/js/owl.carousel.js]
[jt.miniyun.cn/m3/apps/www.miniyun.cn31/js/jquery.flexslider.js]
[jt.miniyun.cn/m3/apps/www.miniyun.cn31/js/mini-grid.js]
[jt.miniyun.cn/m3/apps/www.miniyun.cn31/js/settings.js]
[jt.miniyun.cn/bootstrap/js/bootstrap.min.js]
[jt.miniyun.cn/m3/apps/www.miniyun.cn31/js/featherlight.min.js]
[jt.miniyun.cn/m3/apps/www.miniyun.cn31/js/animation.js]
[miniyun.cn/index.html]
[static.meiqia.com/dist/meiqia.js]
[jt.miniyun.cn/bootstrap/css/bootstrap.min.css]
[jt.miniyun.cn/font-awesome/css/font-awesome.min.css]
[jt.miniyun.cn/m3/apps/www.miniyun.cn31/alamben/animate.min.css]
[jt.miniyun.cn/m3/apps/www.miniyun.cn31/alamben/flexslider.css]
[jt.miniyun.cn/m3/apps/www.miniyun.cn31/img/loader.gif]
[jt.miniyun.cn/m3/apps/www.miniyun.cn31/alamben/style.css]
[jt.miniyun.cn/m3/apps/www.miniyun.cn31/alamben/poppins.css]
[jt.miniyun.cn/m3/apps/www.miniyun.cn31/alamben/open-sans.css]
[jt.miniyun.cn/m3/apps/www.miniyun.cn31/alamben/lato.css]
[miniyun.cn/index-2.html]
[jt.miniyun.cn/m3/apps/www.miniyun.cn31/img/hr-spec.html]
[jt.miniyun.cn/m3/apps/www.miniyun.cn31/img/globe-inner.html]
[jt.miniyun.cn/m3/apps/www.miniyun.cn31/img/close.html]
[jt.miniyun.cn/m3/apps/www.miniyun.cn31/img/special-btn-bg.html]
[jt.miniyun.cn/m3/apps/www.miniyun.cn31/img/select-arrow.html]
[jt.miniyun.cn/m3/apps/www.miniyun.cn31/img/search.html]
